// Jest Snapshot v1, https://goo.gl/fbAQLP

exports[`renders Login page 1`] = `
Object {
  "asFragment": [Function],
  "baseElement": <body>
    <div>
      <div>
        <div
          class="mt-4 justify-content-center row"
        >
          <div
            class="login-input col"
          >
            <form
              class=""
            >
              <div
                class="mb-3"
              >
                <input
                  autocomplete="username"
                  class="form-control"
                  id="formBasicUsername"
                  placeholder="Username"
                  value=""
                />
              </div>
              <div
                class="mb-3"
              >
                <input
                  autocomplete="current-password"
                  class="form-control"
                  id="formBasicPassword"
                  placeholder="Password"
                  type="password"
                  value=""
                />
                <small
                  class="text-muted form-text"
                >
                  Contact your administrator if you have forgotten your login details.
                </small>
              </div>
              <button
                class="w-100 btn btn-primary"
                type="submit"
              >
                <span
                  aria-hidden="true"
                  class="d-none spinner-grow spinner-grow-sm"
                  role="status"
                />
                 
                <span
                  class="d-none"
                >
                  isLoading...
                </span>
                Sign in
              </button>
              <div
                class="mt-3 justify-content-center"
              >
                <div
                  class="form-check"
                >
                  <input
                    checked=""
                    class="form-check-input"
                    id="formBasicCheckbox"
                    type="checkbox"
                  />
                  <label
                    class="form-check-label"
                    for="formBasicCheckbox"
                    title=""
                  >
                    Keep me signed in*
                  </label>
                </div>
                <small
                  class="text-muted form-text"
                >
                  *By clicking this, you accept the usage of cookies.
                </small>
              </div>
              <p
                class="text-danger"
              />
            </form>
          </div>
        </div>
      </div>
    </div>
  </body>,
  "container": <div>
    <div>
      <div
        class="mt-4 justify-content-center row"
      >
        <div
          class="login-input col"
        >
          <form
            class=""
          >
            <div
              class="mb-3"
            >
              <input
                autocomplete="username"
                class="form-control"
                id="formBasicUsername"
                placeholder="Username"
                value=""
              />
            </div>
            <div
              class="mb-3"
            >
              <input
                autocomplete="current-password"
                class="form-control"
                id="formBasicPassword"
                placeholder="Password"
                type="password"
                value=""
              />
              <small
                class="text-muted form-text"
              >
                Contact your administrator if you have forgotten your login details.
              </small>
            </div>
            <button
              class="w-100 btn btn-primary"
              type="submit"
            >
              <span
                aria-hidden="true"
                class="d-none spinner-grow spinner-grow-sm"
                role="status"
              />
               
              <span
                class="d-none"
              >
                isLoading...
              </span>
              Sign in
            </button>
            <div
              class="mt-3 justify-content-center"
            >
              <div
                class="form-check"
              >
                <input
                  checked=""
                  class="form-check-input"
                  id="formBasicCheckbox"
                  type="checkbox"
                />
                <label
                  class="form-check-label"
                  for="formBasicCheckbox"
                  title=""
                >
                  Keep me signed in*
                </label>
              </div>
              <small
                class="text-muted form-text"
              >
                *By clicking this, you accept the usage of cookies.
              </small>
            </div>
            <p
              class="text-danger"
            />
          </form>
        </div>
      </div>
    </div>
  </div>,
  "debug": [Function],
  "findAllByAltText": [Function],
  "findAllByDisplayValue": [Function],
  "findAllByLabelText": [Function],
  "findAllByPlaceholderText": [Function],
  "findAllByRole": [Function],
  "findAllByTestId": [Function],
  "findAllByText": [Function],
  "findAllByTitle": [Function],
  "findByAltText": [Function],
  "findByDisplayValue": [Function],
  "findByLabelText": [Function],
  "findByPlaceholderText": [Function],
  "findByRole": [Function],
  "findByTestId": [Function],
  "findByText": [Function],
  "findByTitle": [Function],
  "getAllByAltText": [Function],
  "getAllByDisplayValue": [Function],
  "getAllByLabelText": [Function],
  "getAllByPlaceholderText": [Function],
  "getAllByRole": [Function],
  "getAllByTestId": [Function],
  "getAllByText": [Function],
  "getAllByTitle": [Function],
  "getByAltText": [Function],
  "getByDisplayValue": [Function],
  "getByLabelText": [Function],
  "getByPlaceholderText": [Function],
  "getByRole": [Function],
  "getByTestId": [Function],
  "getByText": [Function],
  "getByTitle": [Function],
  "queryAllByAltText": [Function],
  "queryAllByDisplayValue": [Function],
  "queryAllByLabelText": [Function],
  "queryAllByPlaceholderText": [Function],
  "queryAllByRole": [Function],
  "queryAllByTestId": [Function],
  "queryAllByText": [Function],
  "queryAllByTitle": [Function],
  "queryByAltText": [Function],
  "queryByDisplayValue": [Function],
  "queryByLabelText": [Function],
  "queryByPlaceholderText": [Function],
  "queryByRole": [Function],
  "queryByTestId": [Function],
  "queryByText": [Function],
  "queryByTitle": [Function],
  "rerender": [Function],
  "unmount": [Function],
}
`;
